hello git
modify this test.log at 05231156
